../Core/Src/main.c:85:6:tampa_aberta	8	static
../Core/Src/main.c:91:6:tampa_fechada	8	static
../Core/Src/main.c:99:6:estado_inicio	8	static
../Core/Src/main.c:130:6:estado_molho	8	static
../Core/Src/main.c:150:6:estado_lavar	8	static
../Core/Src/main.c:157:6:estado_enxague	8	static
../Core/Src/main.c:175:6:estado_centrifuga	8	static
../Core/Src/main.c:183:6:estado_desliga	8	static
../Core/Src/main.c:201:5:main	8	static
../Core/Src/main.c:258:6:SystemClock_Config	72	static
../Core/Src/main.c:295:13:MX_GPIO_Init	32	static
../Core/Src/main.c:339:6:Error_Handler	4	static,ignoring_inline_asm
