../Core/Src/main.c:79:6:tampa_aberta	8	static
../Core/Src/main.c:85:6:tampa_fechada	8	static
../Core/Src/main.c:93:6:estado_inicio	8	static
../Core/Src/main.c:124:6:estado_molho	8	static
../Core/Src/main.c:144:6:estado_lavar	8	static
../Core/Src/main.c:151:6:estado_enxague	8	static
../Core/Src/main.c:169:6:estado_centrifuga	8	static
../Core/Src/main.c:177:6:estado_desliga	8	static
../Core/Src/main.c:195:5:main	8	static
../Core/Src/main.c:241:6:SystemClock_Config	72	static
../Core/Src/main.c:278:13:MX_GPIO_Init	32	static
../Core/Src/main.c:322:6:Error_Handler	4	static,ignoring_inline_asm
